../Core/Src/main.c:60:6:getTimeFromMS	24	static
../Core/Src/main.c:72:6:ApplyNewInterval	4	static
../Core/Src/main.c:76:6:ApplyNewDuration	4	static
../Core/Src/main.c:80:6:ResetNewInterval	4	static
../Core/Src/main.c:84:6:ResetNewDuration	4	static
../Core/Src/main.c:88:6:WakeUp	8	static
../Core/Src/main.c:132:5:main	8	static
../Core/Src/main.c:395:6:SystemClock_Config	88	static
../Core/Src/main.c:437:13:MX_I2C1_Init	8	static
../Core/Src/main.c:471:13:MX_GPIO_Init	16	static
../Core/Src/main.c:491:6:Error_Handler	4	static,ignoring_inline_asm
