../Core/Src/main.c:60:6:getTimeFromMS	32	static
../Core/Src/main.c:81:6:ApplyNewInterval	4	static
../Core/Src/main.c:85:6:ApplyNewDuration	4	static
../Core/Src/main.c:89:6:ResetNewInterval	4	static
../Core/Src/main.c:93:6:ResetNewDuration	4	static
../Core/Src/main.c:134:5:main	8	static
../Core/Src/main.c:387:6:SystemClock_Config	88	static
../Core/Src/main.c:429:13:MX_I2C1_Init	8	static
../Core/Src/main.c:463:13:MX_GPIO_Init	16	static
../Core/Src/main.c:483:6:Error_Handler	4	static,ignoring_inline_asm
