../Core/Src/ssd1306_tests.c:134:6:ssd1306_TestBorder	16	static
../Core/Src/ssd1306_tests.c:160:6:ssd1306_TestFonts1	24	static
../Core/Src/ssd1306_tests.c:193:6:ssd1306_TestFonts2	32	static
../Core/Src/ssd1306_tests.c:218:6:ssd1306_TestFonts3	16	static
../Core/Src/ssd1306_tests.c:243:6:ssd1306_TestMenu	32	static
../Core/Src/ssd1306_tests.c:263:6:ssd1306_TestIntervalSetting	32	static
../Core/Src/ssd1306_tests.c:288:6:ssd1306_TestDurationSetting	16	static
../Core/Src/ssd1306_tests.c:293:6:ssd1306_TurnOff	8	static
../Core/Src/ssd1306_tests.c:303:6:ssd1306_TestFPS	120	static
../Core/Src/ssd1306_tests.c:341:6:ssd1306_TestLine	16	static
../Core/Src/ssd1306_tests.c:349:6:ssd1306_TestRectangle	32	static
../Core/Src/ssd1306_tests.c:359:6:ssd1306_TestRectangleFill	16	static
../Core/Src/ssd1306_tests.c:367:6:ssd1306_TestRectangleInvert	16	static
../Core/Src/ssd1306_tests.c:391:6:ssd1306_TestCircle	16	static
../Core/Src/ssd1306_tests.c:406:6:ssd1306_TestArc	16	static
../Core/Src/ssd1306_tests.c:413:6:ssd1306_TestPolyline	32	static
../Core/Src/ssd1306_tests.c:430:6:ssd1306_TestDrawBitmap	16	static
../Core/Src/ssd1306_tests.c:445:6:ssd1306_TestAll	8	static
