../Core/Src/ssd1306_tests.c:140:6:ssd1306_TestBorder	16	static
../Core/Src/ssd1306_tests.c:166:6:ssd1306_TestFonts1	24	static
../Core/Src/ssd1306_tests.c:199:6:ssd1306_TestFonts2	32	static
../Core/Src/ssd1306_tests.c:224:6:ssd1306_TestFonts3	16	static
../Core/Src/ssd1306_tests.c:249:6:ssd1306_TestMenu	32	static
../Core/Src/ssd1306_tests.c:269:6:ssd1306_TestIntervalSetting	32	static
../Core/Src/ssd1306_tests.c:302:6:ssd1306_TestDurationSetting	32	static
../Core/Src/ssd1306_tests.c:325:6:ssd1306_TurnOff	8	static
../Core/Src/ssd1306_tests.c:335:6:ssd1306_TestFPS	120	static
../Core/Src/ssd1306_tests.c:373:6:ssd1306_TestLine	16	static
../Core/Src/ssd1306_tests.c:381:6:ssd1306_TestRectangle	32	static
../Core/Src/ssd1306_tests.c:391:6:ssd1306_TestRectangleFill	16	static
../Core/Src/ssd1306_tests.c:399:6:ssd1306_TestRectangleInvert	16	static
../Core/Src/ssd1306_tests.c:423:6:ssd1306_TestCircle	16	static
../Core/Src/ssd1306_tests.c:438:6:ssd1306_TestArc	16	static
../Core/Src/ssd1306_tests.c:445:6:ssd1306_TestPolyline	32	static
../Core/Src/ssd1306_tests.c:462:6:ssd1306_TestDrawBitmap	16	static
../Core/Src/ssd1306_tests.c:477:6:ssd1306_TestAll	8	static
